I1024 19:50:45.031571   11888 load.go:31] Reloading schema and connectors...
I1024 19:50:45.108253   11888 control.go:94] [/emulator/churchreporting 1319] UpdateResources(): done
Schema: sources: schema/schema.gql [1992B] 
Connector "example": sources: example/mutations.gql [1243B] example/queries.gql [1801B] 
I1024 19:50:45.138961   11888 collector.go:107] schema extensions wrote into "/Users/shemeneroje/Church Reporting/dataconnect/.dataconnect/schema"
Generated sources: main/mutation.gql [13679B] main/implicit.gql [1261B] prelude.gql [73251B] main/input.gql [28173B] main/relation.gql [13742B] main/query.gql [5099B] 
I1024 19:50:45.139248   11888 load.go:109] Finished reloading
I1024 19:50:45.142328   11888 dev.go:102] Listening on address (HTTP + gRPC): 127.0.0.1:9599
I1024 19:50:47.643709   11888 migrate.go:24] Running migration SQL:
Step 1: CREATE EXTENSION IF NOT EXISTS "uuid-ossp"
Step 2: CREATE TABLE "public"."movie" ("id" uuid NOT NULL DEFAULT uuid_generate_v4(), "genre" text NULL, "image_url" text NOT NULL, "title" text NOT NULL, PRIMARY KEY ("id"))
Step 3: CREATE TABLE "public"."user" ("id" text NOT NULL, "username" character varying(50) NOT NULL, PRIMARY KEY ("id"))
Step 4: CREATE TABLE "public"."Reviews" ("movie_id" uuid NOT NULL, "user_id" text NOT NULL, "rating" integer NULL, "review_date" date NOT NULL, "review_text" text NULL, PRIMARY KEY ("movie_id", "user_id"), CONSTRAINT "Reviews_movie_id_fkey" FOREIGN KEY ("movie_id") REFERENCES "public"."movie" ("id") ON DELETE CASCADE, CONSTRAINT "Reviews_user_id_fkey" FOREIGN KEY ("user_id") REFERENCES "public"."user" ("id") ON DELETE CASCADE)
Step 5: CREATE INDEX "Reviews_movieId_idx" ON "public"."Reviews" ("movie_id")
Step 6: CREATE INDEX "Reviews_userId_idx" ON "public"."Reviews" ("user_id")
Step 7: CREATE TABLE "public"."movie_metadata" ("id" uuid NOT NULL DEFAULT uuid_generate_v4(), "movie_id" uuid NOT NULL, "description" text NULL, "rating" double precision NULL, "release_year" integer NULL, PRIMARY KEY ("id"), CONSTRAINT "movie_metadata_movie_id_fkey" FOREIGN KEY ("movie_id") REFERENCES "public"."movie" ("id") ON DELETE CASCADE)
Step 8: CREATE INDEX "movie_metadata_movieId_idx" ON "public"."movie_metadata" ("movie_id")
Step 9: CREATE UNIQUE INDEX "movie_metadata_movieId_uidx" ON "public"."movie_metadata" ("movie_id")
I1024 19:50:47.702849   11888 control.go:94] [/emulator/churchreporting 44d7] UpdateResources(): done
Schema: sources: schema/schema.gql [1992B] 
Connector "example": sources: example/mutations.gql [1243B] example/queries.gql [1801B] 
